---
source: clients/cli/tests/snapshots.rs
assertion_line: 36
expression: output
---
Usage: star-escrow.exe create [OPTIONS] --contract-id <CONTRACT_ID> --payer-secret <PAYER_SECRET> --freelancer <FREELANCER> --token <TOKEN> --amount <AMOUNT> --milestone <MILESTONE>

Options:
      --contract-id <CONTRACT_ID>    [env: ESCROW_CONTRACT_ID=]
      --payer-secret <PAYER_SECRET>  [env: PAYER_SECRET=]
      --freelancer <FREELANCER>      
      --token <TOKEN>                
      --amount <AMOUNT>              
      --json                         
      --dry-run                      
      --milestone <MILESTONE>        
      --deadline <DEADLINE>          
      --no-confirm                   
  -h, --help                         Print help
